// Jest Snapshot v1, https://goo.gl/fbAQLP

exports[`fragment 1`] = `
"const User = {
  kind: "Document",
  definitions: [{"kind":"FragmentDefinition","name":{"kind":"Name","value":"User"},"typeCondition":{"kind":"NamedType","name":{"kind":"Name","value":"User"}},"directives":[],"selectionSet":{"kind":"SelectionSet","selections":[{"kind":"Field","name":{"kind":"Name","value":"name"},"arguments":[],"directives":[]}]}}]
};
const foo = {
  kind: "Document",
  definitions: [].concat(User.definitions, {"kind":"OperationDefinition","operation":"query","name":{"kind":"Name","value":"foo"},"variableDefinitions":[],"directives":[],"selectionSet":{"kind":"SelectionSet","selections":[{"kind":"Field","name":{"kind":"Name","value":"users"},"arguments":[],"directives":[],"selectionSet":{"kind":"SelectionSet","selections":[{"kind":"FragmentSpread","name":{"kind":"Name","value":"User"},"directives":[]}]}}]}})
};

console.log(foo);
console.log(User);
"
`;

exports[`schema 1`] = `
"const User = {
  kind: "Document",
  definitions: [{"kind":"ObjectTypeDefinition","name":{"kind":"Name","value":"User"},"interfaces":[],"directives":[],"fields":[{"kind":"FieldDefinition","name":{"kind":"Name","value":"name"},"arguments":[],"type":{"kind":"NonNullType","type":{"kind":"NamedType","name":{"kind":"Name","value":"String"}}},"directives":[]}]}]
};
const typeDefs = {
  kind: "Document",
  definitions: [{"kind":"ObjectTypeDefinition","name":{"kind":"Name","value":"User"},"interfaces":[],"directives":[],"fields":[{"kind":"FieldDefinition","name":{"kind":"Name","value":"name"},"arguments":[],"type":{"kind":"NonNullType","type":{"kind":"NamedType","name":{"kind":"Name","value":"String"}}},"directives":[]}]}, {"kind":"ObjectTypeDefinition","name":{"kind":"Name","value":"Query"},"interfaces":[],"directives":[],"fields":[{"kind":"FieldDefinition","name":{"kind":"Name","value":"user"},"arguments":[],"type":{"kind":"NamedType","name":{"kind":"Name","value":"User"}},"directives":[]}]}, {"kind":"ObjectTypeDefinition","name":{"kind":"Name","value":"Mutation"},"interfaces":[],"directives":[],"fields":[{"kind":"FieldDefinition","name":{"kind":"Name","value":"updateUser"},"arguments":[],"type":{"kind":"NonNullType","type":{"kind":"NamedType","name":{"kind":"Name","value":"Boolean"}}},"directives":[]}]}]
};

console.log(typeDefs);
console.log(User);
"
`;

exports[`simple 1`] = `
"const foo = {
  kind: "Document",
  definitions: [{"kind":"OperationDefinition","operation":"query","name":{"kind":"Name","value":"foo"},"variableDefinitions":[],"directives":[],"selectionSet":{"kind":"SelectionSet","selections":[{"kind":"Field","name":{"kind":"Name","value":"info"},"arguments":[],"directives":[]}]}}]
};
const bar = {
  kind: "Document",
  definitions: [{"kind":"OperationDefinition","operation":"query","name":{"kind":"Name","value":"bar"},"variableDefinitions":[],"directives":[],"selectionSet":{"kind":"SelectionSet","selections":[{"kind":"Field","name":{"kind":"Name","value":"more"},"arguments":[],"directives":[]}]}}]
};

console.log(foo);
console.log(bar);
"
`;
